building task lists...
absolute calls: 1280 | pairwise calls: 23040 | total 24320
[ABS] 1280 total, 312 cached, 968 to run
[ABS] 412/1280  5.1/s  eta 2.9m
[ABS] 512/1280  5.3/s  eta 2.4m
[ABS] 612/1280  5.4/s  eta 2.0m
[ABS] 712/1280  5.4/s  eta 1.7m
[ABS] 812/1280  5.3/s  eta 1.5m
[ABS] 912/1280  5.3/s  eta 1.2m
[ABS] 1012/1280  5.3/s  eta 0.8m
[ABS] 1112/1280  5.3/s  eta 0.5m
[ABS] 1212/1280  5.4/s  eta 0.2m
[ABS] 1280/1280  5.4/s  eta 0.0m
[PW] 23040 total, 0 cached, 23040 to run
[PW] 100/23040  17.8/s  eta 21.5m
[PW] 200/23040  17.8/s  eta 21.4m
[PW] 300/23040  17.4/s  eta 21.7m
[PW] 400/23040  17.4/s  eta 21.6m
[PW] 500/23040  17.6/s  eta 21.3m
[PW] 600/23040  17.5/s  eta 21.4m
[PW] 700/23040  17.6/s  eta 21.1m
[PW] 800/23040  17.7/s  eta 21.0m
[PW] 900/23040  17.7/s  eta 20.8m
[PW] 1000/23040  17.8/s  eta 20.7m
[PW] 1100/23040  17.8/s  eta 20.5m
[PW] 1200/23040  18.0/s  eta 20.3m
[PW] 1300/23040  18.1/s  eta 20.1m
[PW] 1400/23040  18.2/s  eta 19.9m
[PW] 1500/23040  18.2/s  eta 19.7m
[PW] 1600/23040  18.2/s  eta 19.6m
[PW] 1700/23040  18.3/s  eta 19.5m
[PW] 1800/23040  18.2/s  eta 19.4m
[PW] 1900/23040  18.2/s  eta 19.3m
[PW] 2000/23040  18.2/s  eta 19.2m
[PW] 2100/23040  18.3/s  eta 19.1m
[PW] 2200/23040  18.2/s  eta 19.1m
[PW] 2300/23040  18.3/s  eta 18.9m
[PW] 2400/23040  18.3/s  eta 18.8m
[PW] 2500/23040  18.3/s  eta 18.7m
[PW] 2600/23040  18.2/s  eta 18.7m
[PW] 2700/23040  18.1/s  eta 18.7m
[PW] 2800/23040  18.1/s  eta 18.7m
[PW] 2900/23040  18.1/s  eta 18.5m
[PW] 3000/23040  18.1/s  eta 18.5m
[PW] 3100/23040  18.0/s  eta 18.5m
[PW] 3200/23040  17.9/s  eta 18.5m
[PW] 3300/23040  17.9/s  eta 18.4m
[PW] 3400/23040  17.7/s  eta 18.5m
[PW] 3500/23040  17.6/s  eta 18.5m
[PW] 3600/23040  17.5/s  eta 18.5m
[PW] 3700/23040  17.5/s  eta 18.4m
[PW] 3800/23040  17.5/s  eta 18.3m
[PW] 3900/23040  17.5/s  eta 18.2m
[PW] 4000/23040  17.5/s  eta 18.1m
[PW] 4100/23040  17.5/s  eta 18.0m
[PW] 4200/23040  17.5/s  eta 18.0m
[PW] 4300/23040  17.5/s  eta 17.9m
[PW] 4400/23040  17.4/s  eta 17.9m
[PW] 4500/23040  17.4/s  eta 17.8m
[PW] 4600/23040  17.3/s  eta 17.8m
[PW] 4700/23040  17.3/s  eta 17.7m
[PW] 4800/23040  17.2/s  eta 17.7m
[PW] 4900/23040  17.2/s  eta 17.6m
[PW] 5000/23040  17.2/s  eta 17.5m
[PW] 5100/23040  17.1/s  eta 17.4m
[PW] 5200/23040  17.1/s  eta 17.3m
[PW] 5300/23040  17.1/s  eta 17.3m
[PW] 5400/23040  17.1/s  eta 17.2m
[PW] 5500/23040  17.1/s  eta 17.1m
[PW] 5600/23040  17.1/s  eta 17.0m
[PW] 5700/23040  17.1/s  eta 16.9m
[PW] 5800/23040  17.1/s  eta 16.8m
[PW] 5900/23040  17.2/s  eta 16.6m
[PW] 6000/23040  17.2/s  eta 16.5m
[PW] 6100/23040  17.2/s  eta 16.4m
[PW] 6200/23040  17.2/s  eta 16.3m
[PW] 6300/23040  17.3/s  eta 16.2m
[PW] 6400/23040  17.3/s  eta 16.1m
[PW] 6500/23040  17.3/s  eta 16.0m
[PW] 6600/23040  17.3/s  eta 15.8m
[PW] 6700/23040  17.3/s  eta 15.7m
[PW] 6800/23040  17.3/s  eta 15.6m
[PW] 6900/23040  17.3/s  eta 15.5m
[PW] 7000/23040  17.4/s  eta 15.4m
[PW] 7100/23040  17.4/s  eta 15.3m
[PW] 7200/23040  17.4/s  eta 15.2m
[PW] 7300/23040  17.5/s  eta 15.0m
[PW] 7400/23040  17.5/s  eta 14.9m
[PW] 7500/23040  17.5/s  eta 14.8m
[PW] 7600/23040  17.5/s  eta 14.7m
[PW] 7700/23040  17.5/s  eta 14.6m
[PW] 7800/23040  17.6/s  eta 14.5m
[PW] 7900/23040  17.6/s  eta 14.4m
[PW] 8000/23040  17.6/s  eta 14.2m
[PW] 8100/23040  17.6/s  eta 14.1m
[PW] 8200/23040  17.6/s  eta 14.0m
[PW] 8300/23040  17.6/s  eta 13.9m
[PW] 8400/23040  17.6/s  eta 13.8m
[PW] 8500/23040  17.6/s  eta 13.7m
[PW] 8600/23040  17.6/s  eta 13.7m
[PW] 8700/23040  17.6/s  eta 13.6m
[PW] 8800/23040  17.6/s  eta 13.5m
[PW] 8900/23040  17.7/s  eta 13.4m
[PW] 9000/23040  17.7/s  eta 13.2m
[PW] 9100/23040  17.7/s  eta 13.1m
[PW] 9200/23040  17.7/s  eta 13.1m
[PW] 9300/23040  17.7/s  eta 13.0m
[PW] 9400/23040  17.7/s  eta 12.9m
[PW] 9500/23040  17.7/s  eta 12.8m
[PW] 9600/23040  17.7/s  eta 12.7m
[PW] 9700/23040  17.7/s  eta 12.6m
[PW] 9800/23040  17.7/s  eta 12.5m
[PW] 9900/23040  17.7/s  eta 12.4m
[PW] 10000/23040  17.7/s  eta 12.3m
[PW] 10100/23040  17.7/s  eta 12.2m
[PW] 10200/23040  17.7/s  eta 12.1m
[PW] 10300/23040  17.6/s  eta 12.0m
[PW] 10400/23040  17.6/s  eta 12.0m
[PW] 10500/23040  17.6/s  eta 11.9m
[PW] 10600/23040  17.6/s  eta 11.8m
[PW] 10700/23040  17.6/s  eta 11.7m
[PW] 10800/23040  17.6/s  eta 11.6m
[PW] 10900/23040  17.6/s  eta 11.5m
[PW] 11000/23040  17.6/s  eta 11.4m
[PW] 11100/23040  17.6/s  eta 11.3m
[PW] 11200/23040  17.6/s  eta 11.2m
[PW] 11300/23040  17.5/s  eta 11.2m
[PW] 11400/23040  17.5/s  eta 11.1m
[PW] 11500/23040  17.5/s  eta 11.0m
[PW] 11600/23040  17.5/s  eta 10.9m
[PW] 11700/23040  17.5/s  eta 10.8m
[PW] 11800/23040  17.5/s  eta 10.7m
[PW] 11900/23040  17.5/s  eta 10.6m
[PW] 12000/23040  17.6/s  eta 10.5m
[PW] 12100/23040  17.6/s  eta 10.4m
[PW] 12200/23040  17.6/s  eta 10.3m
[PW] 12300/23040  17.6/s  eta 10.2m
[PW] 12400/23040  17.6/s  eta 10.1m
[PW] 12500/23040  17.6/s  eta 10.0m
[PW] 12600/23040  17.6/s  eta 9.9m
[PW] 12700/23040  17.6/s  eta 9.8m
[PW] 12800/23040  17.6/s  eta 9.7m
[PW] 12900/23040  17.6/s  eta 9.6m
[PW] 13000/23040  17.6/s  eta 9.5m
[PW] 13100/23040  17.6/s  eta 9.4m
[PW] 13200/23040  17.6/s  eta 9.3m
[PW] 13300/23040  17.6/s  eta 9.2m
[PW] 13400/23040  17.6/s  eta 9.1m
[PW] 13500/23040  17.6/s  eta 9.0m
[PW] 13600/23040  17.6/s  eta 8.9m
[PW] 13700/23040  17.6/s  eta 8.8m
[PW] 13800/23040  17.6/s  eta 8.7m
[PW] 13900/23040  17.6/s  eta 8.6m
[PW] 14000/23040  17.6/s  eta 8.5m
[PW] 14100/23040  17.7/s  eta 8.4m
[PW] 14200/23040  17.6/s  eta 8.3m
[PW] 14300/23040  17.7/s  eta 8.2m
[PW] 14400/23040  17.7/s  eta 8.1m
[PW] 14500/23040  17.7/s  eta 8.1m
[PW] 14600/23040  17.7/s  eta 8.0m
[PW] 14700/23040  17.7/s  eta 7.9m
[PW] 14800/23040  17.7/s  eta 7.8m
[PW] 14900/23040  17.7/s  eta 7.7m
[PW] 15000/23040  17.7/s  eta 7.6m
[PW] 15100/23040  17.7/s  eta 7.5m
[PW] 15200/23040  17.7/s  eta 7.4m
[PW] 15300/23040  17.7/s  eta 7.3m
[PW] 15400/23040  17.7/s  eta 7.2m
[PW] 15500/23040  17.7/s  eta 7.1m
[PW] 15600/23040  17.7/s  eta 7.0m
[PW] 15700/23040  17.7/s  eta 6.9m
[PW] 15800/23040  17.7/s  eta 6.8m
[PW] 15900/23040  17.7/s  eta 6.7m
[PW] 16000/23040  17.7/s  eta 6.6m
[PW] 16100/23040  17.7/s  eta 6.5m
[PW] 16200/23040  17.7/s  eta 6.5m
[PW] 16300/23040  17.6/s  eta 6.4m
[PW] 16400/23040  17.6/s  eta 6.3m
[PW] 16500/23040  17.6/s  eta 6.2m
[PW] 16600/23040  17.6/s  eta 6.1m
[PW] 16700/23040  17.6/s  eta 6.0m
[PW] 16800/23040  17.6/s  eta 5.9m
[PW] 16900/23040  17.6/s  eta 5.8m
[PW] 17000/23040  17.6/s  eta 5.7m
[PW] 17100/23040  17.6/s  eta 5.6m
[PW] 17200/23040  17.6/s  eta 5.5m
[PW] 17300/23040  17.6/s  eta 5.4m
[PW] 17400/23040  17.6/s  eta 5.3m
[PW] 17500/23040  17.6/s  eta 5.2m
[PW] 17600/23040  17.6/s  eta 5.1m
[PW] 17700/23040  17.6/s  eta 5.0m
[PW] 17800/23040  17.6/s  eta 5.0m
[PW] 17900/23040  17.6/s  eta 4.9m
[PW] 18000/23040  17.6/s  eta 4.8m
[PW] 18100/23040  17.6/s  eta 4.7m
[PW] 18200/23040  17.6/s  eta 4.6m
[PW] 18300/23040  17.7/s  eta 4.5m
[PW] 18400/23040  17.6/s  eta 4.4m
[PW] 18500/23040  17.6/s  eta 4.3m
[PW] 18600/23040  17.6/s  eta 4.2m
[PW] 18700/23040  17.6/s  eta 4.1m
[PW] 18800/23040  17.6/s  eta 4.0m
[PW] 18900/23040  17.6/s  eta 3.9m
[PW] 19000/23040  17.6/s  eta 3.8m
[PW] 19100/23040  17.6/s  eta 3.7m
[PW] 19200/23040  17.7/s  eta 3.6m
[PW] 19300/23040  17.7/s  eta 3.5m
[PW] 19400/23040  17.7/s  eta 3.4m
[PW] 19500/23040  17.7/s  eta 3.3m
[PW] 19600/23040  17.7/s  eta 3.2m
[PW] 19700/23040  17.7/s  eta 3.2m
[PW] 19800/23040  17.7/s  eta 3.1m
[PW] 19900/23040  17.7/s  eta 3.0m
[PW] 20000/23040  17.7/s  eta 2.9m
[PW] 20100/23040  17.7/s  eta 2.8m
[PW] 20200/23040  17.7/s  eta 2.7m
[PW] 20300/23040  17.7/s  eta 2.6m
[PW] 20400/23040  17.7/s  eta 2.5m
[PW] 20500/23040  17.7/s  eta 2.4m
[PW] 20600/23040  17.7/s  eta 2.3m
[PW] 20700/23040  17.7/s  eta 2.2m
[PW] 20800/23040  17.7/s  eta 2.1m
[PW] 20900/23040  17.7/s  eta 2.0m
[PW] 21000/23040  17.7/s  eta 1.9m
[PW] 21100/23040  17.7/s  eta 1.8m
[PW] 21200/23040  17.7/s  eta 1.7m
[PW] 21300/23040  17.7/s  eta 1.6m
[PW] 21400/23040  17.7/s  eta 1.5m
[PW] 21500/23040  17.7/s  eta 1.5m
[PW] 21600/23040  17.7/s  eta 1.4m
[PW] 21700/23040  17.6/s  eta 1.3m
[PW] 21800/23040  17.6/s  eta 1.2m
[PW] 21900/23040  17.6/s  eta 1.1m
[PW] 22000/23040  17.6/s  eta 1.0m
[PW] 22100/23040  17.6/s  eta 0.9m
[PW] 22200/23040  17.6/s  eta 0.8m
[PW] 22300/23040  17.6/s  eta 0.7m
[PW] 22400/23040  17.6/s  eta 0.6m
[PW] 22500/23040  17.6/s  eta 0.5m
[PW] 22600/23040  17.6/s  eta 0.4m
[PW] 22700/23040  17.6/s  eta 0.3m
[PW] 22800/23040  17.6/s  eta 0.2m
[PW] 22900/23040  17.6/s  eta 0.1m
[PW] 23000/23040  17.6/s  eta 0.0m
[PW] 23040/23040  17.6/s  eta 0.0m
ALL DONE
